// Jest Snapshot v1, https://goo.gl/fbAQLP

exports[`BodyForm should match the snapshot 1`] = `
ShallowWrapper {
  "length": 1,
  Symbol(enzyme.__root__): [Circular],
  Symbol(enzyme.__unrendered__): <BodyForm
    events={
        Array [
            "one",
            "two",
            "three",
          ]
    }
    fetchEvents={[Function]}
    fetchLocation={[Function]}
    history={
        Object {
            "goBack": [Function],
          }
    }
    location={
        Object {
            "lat": 1,
            "lng": 2,
          }
    }
    selectedEvent={
        Object {
            "eventId": 1,
          }
    }
    setLocation={[Function]}
/>,
  Symbol(enzyme.__renderer__): Object {
    "batchedUpdates": [Function],
    "getNode": [Function],
    "render": [Function],
    "simulateEvent": [Function],
    "unmount": [Function],
  },
  Symbol(enzyme.__node__): Object {
    "instance": null,
    "key": undefined,
    "nodeType": "host",
    "props": Object {
      "children": Array [
        <span
          className="body-form-logo"
          onClick={[Function]}
>
          <a
                    href="#"
          >
                    Scene-It
          </a>
</span>,
        <form
          className="body-form"
          onSubmit={[Function]}
>
          <div
                    className="user-select"
          >
                    <input
                              id="use-current-location"
                              onChange={[Function]}
                              type="checkbox"
                    />
                    <label
                              htmlFor="use-current-location"
                    >
                              Use my current location
                    </label>
          </div>
          <div
                    className="query-info"
          >
                    <input
                              id="locationName"
                              onChange={[Function]}
                              placeholder="location"
                              value=""
                    />
                    <input
                              id="keywords"
                              onChange={[Function]}
                              placeholder="keywords (optional)"
                    />
                    <button>
                              Get Events
                    </button>
          </div>
</form>,
      ],
      "className": "header",
    },
    "ref": null,
    "rendered": Array [
      Object {
        "instance": null,
        "key": undefined,
        "nodeType": "host",
        "props": Object {
          "children": <a
            href="#"
>
            Scene-It
</a>,
          "className": "body-form-logo",
          "onClick": [Function],
        },
        "ref": null,
        "rendered": Object {
          "instance": null,
          "key": undefined,
          "nodeType": "host",
          "props": Object {
            "children": "Scene-It",
            "href": "#",
          },
          "ref": null,
          "rendered": "Scene-It",
          "type": "a",
        },
        "type": "span",
      },
      Object {
        "instance": null,
        "key": undefined,
        "nodeType": "host",
        "props": Object {
          "children": Array [
            <div
              className="user-select"
>
              <input
                            id="use-current-location"
                            onChange={[Function]}
                            type="checkbox"
              />
              <label
                            htmlFor="use-current-location"
              >
                            Use my current location
              </label>
</div>,
            <div
              className="query-info"
>
              <input
                            id="locationName"
                            onChange={[Function]}
                            placeholder="location"
                            value=""
              />
              <input
                            id="keywords"
                            onChange={[Function]}
                            placeholder="keywords (optional)"
              />
              <button>
                            Get Events
              </button>
</div>,
          ],
          "className": "body-form",
          "onSubmit": [Function],
        },
        "ref": null,
        "rendered": Array [
          Object {
            "instance": null,
            "key": undefined,
            "nodeType": "host",
            "props": Object {
              "children": Array [
                <input
                  id="use-current-location"
                  onChange={[Function]}
                  type="checkbox"
/>,
                <label
                  htmlFor="use-current-location"
>
                  Use my current location
</label>,
              ],
              "className": "user-select",
            },
            "ref": null,
            "rendered": Array [
              Object {
                "instance": null,
                "key": undefined,
                "nodeType": "host",
                "props": Object {
                  "id": "use-current-location",
                  "onChange": [Function],
                  "type": "checkbox",
                },
                "ref": null,
                "rendered": null,
                "type": "input",
              },
              Object {
                "instance": null,
                "key": undefined,
                "nodeType": "host",
                "props": Object {
                  "children": "Use my current location",
                  "htmlFor": "use-current-location",
                },
                "ref": null,
                "rendered": "Use my current location",
                "type": "label",
              },
            ],
            "type": "div",
          },
          Object {
            "instance": null,
            "key": undefined,
            "nodeType": "host",
            "props": Object {
              "children": Array [
                <input
                  id="locationName"
                  onChange={[Function]}
                  placeholder="location"
                  value=""
/>,
                <input
                  id="keywords"
                  onChange={[Function]}
                  placeholder="keywords (optional)"
/>,
                <button>
                  Get Events
</button>,
              ],
              "className": "query-info",
            },
            "ref": null,
            "rendered": Array [
              Object {
                "instance": null,
                "key": undefined,
                "nodeType": "host",
                "props": Object {
                  "id": "locationName",
                  "onChange": [Function],
                  "placeholder": "location",
                  "value": "",
                },
                "ref": null,
                "rendered": null,
                "type": "input",
              },
              Object {
                "instance": null,
                "key": undefined,
                "nodeType": "host",
                "props": Object {
                  "id": "keywords",
                  "onChange": [Function],
                  "placeholder": "keywords (optional)",
                },
                "ref": null,
                "rendered": null,
                "type": "input",
              },
              Object {
                "instance": null,
                "key": undefined,
                "nodeType": "host",
                "props": Object {
                  "children": "Get Events",
                },
                "ref": null,
                "rendered": "Get Events",
                "type": "button",
              },
            ],
            "type": "div",
          },
        ],
        "type": "form",
      },
    ],
    "type": "div",
  },
  Symbol(enzyme.__nodes__): Array [
    Object {
      "instance": null,
      "key": undefined,
      "nodeType": "host",
      "props": Object {
        "children": Array [
          <span
            className="body-form-logo"
            onClick={[Function]}
>
            <a
                        href="#"
            >
                        Scene-It
            </a>
</span>,
          <form
            className="body-form"
            onSubmit={[Function]}
>
            <div
                        className="user-select"
            >
                        <input
                                    id="use-current-location"
                                    onChange={[Function]}
                                    type="checkbox"
                        />
                        <label
                                    htmlFor="use-current-location"
                        >
                                    Use my current location
                        </label>
            </div>
            <div
                        className="query-info"
            >
                        <input
                                    id="locationName"
                                    onChange={[Function]}
                                    placeholder="location"
                                    value=""
                        />
                        <input
                                    id="keywords"
                                    onChange={[Function]}
                                    placeholder="keywords (optional)"
                        />
                        <button>
                                    Get Events
                        </button>
            </div>
</form>,
        ],
        "className": "header",
      },
      "ref": null,
      "rendered": Array [
        Object {
          "instance": null,
          "key": undefined,
          "nodeType": "host",
          "props": Object {
            "children": <a
              href="#"
>
              Scene-It
</a>,
            "className": "body-form-logo",
            "onClick": [Function],
          },
          "ref": null,
          "rendered": Object {
            "instance": null,
            "key": undefined,
            "nodeType": "host",
            "props": Object {
              "children": "Scene-It",
              "href": "#",
            },
            "ref": null,
            "rendered": "Scene-It",
            "type": "a",
          },
          "type": "span",
        },
        Object {
          "instance": null,
          "key": undefined,
          "nodeType": "host",
          "props": Object {
            "children": Array [
              <div
                className="user-select"
>
                <input
                                id="use-current-location"
                                onChange={[Function]}
                                type="checkbox"
                />
                <label
                                htmlFor="use-current-location"
                >
                                Use my current location
                </label>
</div>,
              <div
                className="query-info"
>
                <input
                                id="locationName"
                                onChange={[Function]}
                                placeholder="location"
                                value=""
                />
                <input
                                id="keywords"
                                onChange={[Function]}
                                placeholder="keywords (optional)"
                />
                <button>
                                Get Events
                </button>
</div>,
            ],
            "className": "body-form",
            "onSubmit": [Function],
          },
          "ref": null,
          "rendered": Array [
            Object {
              "instance": null,
              "key": undefined,
              "nodeType": "host",
              "props": Object {
                "children": Array [
                  <input
                    id="use-current-location"
                    onChange={[Function]}
                    type="checkbox"
/>,
                  <label
                    htmlFor="use-current-location"
>
                    Use my current location
</label>,
                ],
                "className": "user-select",
              },
              "ref": null,
              "rendered": Array [
                Object {
                  "instance": null,
                  "key": undefined,
                  "nodeType": "host",
                  "props": Object {
                    "id": "use-current-location",
                    "onChange": [Function],
                    "type": "checkbox",
                  },
                  "ref": null,
                  "rendered": null,
                  "type": "input",
                },
                Object {
                  "instance": null,
                  "key": undefined,
                  "nodeType": "host",
                  "props": Object {
                    "children": "Use my current location",
                    "htmlFor": "use-current-location",
                  },
                  "ref": null,
                  "rendered": "Use my current location",
                  "type": "label",
                },
              ],
              "type": "div",
            },
            Object {
              "instance": null,
              "key": undefined,
              "nodeType": "host",
              "props": Object {
                "children": Array [
                  <input
                    id="locationName"
                    onChange={[Function]}
                    placeholder="location"
                    value=""
/>,
                  <input
                    id="keywords"
                    onChange={[Function]}
                    placeholder="keywords (optional)"
/>,
                  <button>
                    Get Events
</button>,
                ],
                "className": "query-info",
              },
              "ref": null,
              "rendered": Array [
                Object {
                  "instance": null,
                  "key": undefined,
                  "nodeType": "host",
                  "props": Object {
                    "id": "locationName",
                    "onChange": [Function],
                    "placeholder": "location",
                    "value": "",
                  },
                  "ref": null,
                  "rendered": null,
                  "type": "input",
                },
                Object {
                  "instance": null,
                  "key": undefined,
                  "nodeType": "host",
                  "props": Object {
                    "id": "keywords",
                    "onChange": [Function],
                    "placeholder": "keywords (optional)",
                  },
                  "ref": null,
                  "rendered": null,
                  "type": "input",
                },
                Object {
                  "instance": null,
                  "key": undefined,
                  "nodeType": "host",
                  "props": Object {
                    "children": "Get Events",
                  },
                  "ref": null,
                  "rendered": "Get Events",
                  "type": "button",
                },
              ],
              "type": "div",
            },
          ],
          "type": "form",
        },
      ],
      "type": "div",
    },
  ],
  Symbol(enzyme.__options__): Object {
    "adapter": ReactSixteenAdapter {
      "options": Object {
        "enableComponentDidUpdateOnSetState": true,
      },
    },
  },
}
`;
